Testing LLM keystrokes...

Keystrokes: :%g/^<<<<<<<\|^=======\|^>>>>>>>/d<CR>
/return total \* 0.9<CR>Ototal = total * 0.9<Esc>j
:%s/USD/EUR/g<CR>
/'status': 'success',<CR>c4w'processed',<Esc>j
o'shipping': shipping,<Esc>k
f}i,<Esc>j
/return {<CR>o'items_count': len(items),<Esc>k

================================================================================

Tokens (79): [
  ':%g/^<<<<<<<\\|^=======\\|^>>>>>>>/d<CR>',
  '/return total \\* 0.9<CR>',
  'O',
  't',
  'o',
  't',
  'a',
  'l',
  '=',
  't'
] ...

[1/79] Executing: :%g/^<<<<<<<\|^=======\|^>>>>>>>/d<CR>
  Lines: 28, Cursor: 0:0, Mode: normal

[2/79] Executing: /return total \* 0.9<CR>
  Lines: 28, Cursor: 0:0, Mode: normal

[3/79] Executing: O
  Lines: 29, Cursor: 0:0, Mode: insert

[4/79] Executing: t
  Lines: 29, Cursor: 0:1, Mode: insert

[5/79] Executing: o
  Lines: 29, Cursor: 0:2, Mode: insert

[6/79] Executing: t

[7/79] Executing: a

[8/79] Executing: l

[9/79] Executing: =

[10/79] Executing: t

[11/79] Executing: o

[12/79] Executing: t

[13/79] Executing: a

[14/79] Executing: l

[15/79] Executing: *

[16/79] Executing: 0

[17/79] Executing: .

[18/79] Executing: 9

[19/79] Executing: <Esc>

[20/79] Executing: j

[21/79] Executing: :%s/USD/EUR/g<CR>

[22/79] Executing: /'status': 'success',<CR>

[23/79] Executing: c

[24/79] Executing: 4

[25/79] Executing: w

[26/79] Executing: '

[27/79] Executing: p

[28/79] Executing: r

[29/79] Executing: o

[30/79] Executing: c

[31/79] Executing: e

[32/79] Executing: s

[33/79] Executing: s

[34/79] Executing: e

[35/79] Executing: d

[36/79] Executing: '

[37/79] Executing: ,

[38/79] Executing: <Esc>

[39/79] Executing: j

[40/79] Executing: o

[41/79] Executing: '

[42/79] Executing: s

[43/79] Executing: h

[44/79] Executing: i

[45/79] Executing: p

[46/79] Executing: p

[47/79] Executing: i

[48/79] Executing: n

[49/79] Executing: g

[50/79] Executing: '

[51/79] Executing: : shipping,<Esc>k
f}i,<Esc>j
/return {<CR>

[52/79] Executing: o

[53/79] Executing: '

[54/79] Executing: i

[55/79] Executing: t

[56/79] Executing: e

[57/79] Executing: m

[58/79] Executing: s

[59/79] Executing: _

[60/79] Executing: c

[61/79] Executing: o

[62/79] Executing: u

[63/79] Executing: n

[64/79] Executing: t

[65/79] Executing: '

[66/79] Executing: :

[67/79] Executing: l

[68/79] Executing: e

[69/79] Executing: n

[70/79] Executing: (

[71/79] Executing: i

[72/79] Executing: t

[73/79] Executing: e

[74/79] Executing: m

[75/79] Executing: s

[76/79] Executing: )

[77/79] Executing: ,

[78/79] Executing: <Esc>

[79/79] Executing: k
  Lines: 32, Cursor: 30:9, Mode: normal

================================================================================
RESULT: ❌ FAILED
================================================================================

Final text length: 915
Target text length: 571

First 500 chars of final:
total=total*0.9
def calculate_total(items):
    """Calculate total price of items with 10% discount"""
    total = sum(item['price'] for item in items)
    return total * 0.9  # Apply 10% discount
def calculate_total(items):
    """Calculate total price of items with tax"""
    total = sum(item['price'] for item in items)
    return total * 1.15  # Apply 15% tax

def format_currency(amount):
    """Format amount as EUR"""
    return f"${amount:.2f}"
    """Format amount as EUR"""
    return f"€{

First 500 chars of target:
def calculate_total(items):
    """Calculate total price of items with tax"""
    total = sum(item['price'] for item in items)
    total = total * 0.9  # Apply 10% discount
    return total * 1.15  # Apply 15% tax

def format_currency(amount):
    """Format amount as EUR"""
    return f"€{amount:.2f}"

def process_order(items):
    total = calculate_total(items)
    shipping = 5.99 if total < 50 else 0
    return {
        'status': 'processed',
        'total': format_currency(total + shipping)
